
[1m[46m RUN [49m[22m [36mv4.1.2 [39m[90mC:/Users/danil/.gemini/antigravity/scratch/BaruPortfolio[39m

 [31mÔØ»[39m src/components/__tests__/PortfolioSection.test.jsx [2m([22m[2m0 test[22m[2m)[22m
 [31mÔØ»[39m src/components/__tests__/Navbar.test.jsx [2m([22m[2m0 test[22m[2m)[22m
 [31mÔØ»[39m src/__tests__/App.test.jsx [2m([22m[2m0 test[22m[2m)[22m
 [31mÔØ»[39m src/components/__tests__/HeroSection.test.jsx [2m([22m[2m0 test[22m[2m)[22m
node.exe : 
En línea: 1 Carácter: 1
+ & "C:\Program 
Files\nodejs/node.exe" 
"C:\Program 
Files\nodejs/node_mo 
...
+ ~~~~~~~~~~~~~~~~~~~~~
~~~~~~~~~~~~~~~~~~~~~~~
~~~~~~~~~~~~~~~~~~~~~~~
~~
    + CategoryInfo     
         : NotSpecifi  
  ed: (:String) [],    
 RemoteException
    + FullyQualifiedEr 
   rorId : NativeComm  
  andError
 
[31mÔÄ»ÔÄ»ÔÄ»ÔÄ»ÔÄ»ÔÄ»
[39m[1m[41m Failed 
Suites 4 [49m[22m[31
mÔÄ»ÔÄ»ÔÄ»ÔÄ»ÔÄ»ÔÄ»ÔÄ»
[39m

[41m[1m FAIL 
[22m[49m src/__tests_
_/App.test.jsx[2m [ sr
c/__tests__/App.test.js
x ][22m
[41m[1m FAIL 
[22m[49m src/componen
ts/__tests__/HeroSectio
n.test.jsx[2m [ src/co
mponents/__tests__/Hero
Section.test.jsx ][22m
[41m[1m FAIL 
[22m[49m src/componen
ts/__tests__/Navbar.tes
t.jsx[2m [ src/compone
nts/__tests__/Navbar.te
st.jsx ][22m
[41m[1m FAIL 
[22m[49m src/componen
ts/__tests__/PortfolioS
ection.test.jsx[2m [ s
rc/components/__tests__
/PortfolioSection.test.
jsx ][22m
[31m[1mError[22m: 
Cannot find module 
'@testing-library/dom'
Require stack:
- C:\Users\danil\.gemin
i\antigravity\scratch\B
aruPortfolio\node_modul
es\@testing-library\rea
ct\dist\pure.js[39m
[90m [2mÔØ»[22m 
Object.<anonymous> node
_modules/@testing-libra
ry/react/dist/pure.js:
[2m46:12[22m[39m

[31m[2mÔÄ»ÔÄ»ÔÄ»ÔÄ»ÔÄ
»ÔÄ»ÔÄ»ÔÄ»ÔÄ»ÔÄ»ÔÄ»ÔÄ»Ô
Ä»ÔÄ»ÔÄ»ÔÄ»ÔÄ»ÔÄ»ÔÄ»ÔÄ»
ÔÄ»ÔÄ»ÔÄ»ÔÄ»[1/4]ÔÄ»[2
2m[39m


[2m Test Files [22m [1m[31m4 failed[39m[22m[90m (4)[39m
[2m      Tests [22m [2mno tests[22m
[2m   Start at [22m 17:47:18
[2m   Duration [22m 2.96s[2m (transform 253ms, setup 1.02s, import 0ms, tests 0ms, environment 8.57s)[22m

